# serializer version: 1
# name: test_the_fields_read_from_real_headers[asiair]
  dict({
    'bayer_pattern': 'RGGB',
    'binning': 1,
    'ccd_temp_c': 13.0,
    'date_obs': '2024-02-02T18:01:38.077',
    'dec_deg': 5.4009071925,
    'exposure_s': 300.0,
    'filter_raw': None,
    'filter_wheel_raw': None,
    'focal_mm': 560.0,
    'focuser_raw': None,
    'gain': None,
    'guide_camera_raw': 'ZWO ASI120MM-S',
    'image_type': 'light',
    'instrument_raw': 'Canon EOS 700D',
    'naxis1': 5208,
    'naxis2': 3476,
    'object_raw': None,
    'offset': None,
    'path': 'asiair.txt',
    'pixel_size_um': 4.29,
    'ra_deg': 98.0023436348,
    'site_elev_m': None,
    'site_lat': None,
    'site_lon': None,
    'software_raw': 'ZWO ASIAIR Plus',
    'telescope_raw': 'EQMod Mount',
  })
# ---
# name: test_the_fields_read_from_real_headers[asiair_am3]
  dict({
    'bayer_pattern': 'RGGB',
    'binning': 1,
    'ccd_temp_c': -4.9,
    'date_obs': '2026-08-15T00:36:07.209',
    'dec_deg': 61.3867765677,
    'exposure_s': 300.0,
    'filter_raw': None,
    'filter_wheel_raw': None,
    'focal_mm': 335.0,
    'focuser_raw': None,
    'gain': 121.0,
    'guide_camera_raw': 'ZWO ASI120MM Mini',
    'image_type': 'light',
    'instrument_raw': 'ZWO ASI294MC Pro',
    'naxis1': 4144,
    'naxis2': 2822,
    'object_raw': 'IC1805 banda stretta',
    'offset': 30.0,
    'path': 'asiair_am3.txt',
    'pixel_size_um': 4.63,
    'ra_deg': 38.140827293,
    'site_elev_m': None,
    'site_lat': 45.0,
    'site_lon': 11.0,
    'software_raw': 'ZWO ASIAIR Plus',
    'telescope_raw': 'ZWO AM3',
  })
# ---
# name: test_the_fields_read_from_real_headers[asiair_asi2600]
  dict({
    'bayer_pattern': 'RGGB',
    'binning': 1,
    'ccd_temp_c': -9.8,
    'date_obs': '2026-09-05T20:17:47.325',
    'dec_deg': 68.2564291321,
    'exposure_s': 180.0,
    'filter_raw': None,
    'filter_wheel_raw': None,
    'focal_mm': 1004.0,
    'focuser_raw': None,
    'gain': 100.0,
    'guide_camera_raw': 'ZWO ASI220MM Mini',
    'image_type': 'light',
    'instrument_raw': 'ZWO ASI2600MC Duo',
    'naxis1': 6248,
    'naxis2': 4176,
    'object_raw': 'NGC 7023',
    'offset': 50.0,
    'path': 'asiair_asi2600.txt',
    'pixel_size_um': 3.76,
    'ra_deg': 315.698104452,
    'site_elev_m': None,
    'site_lat': 46.0,
    'site_lon': 11.0,
    'software_raw': 'ZWO ASIAIR Plus',
    'telescope_raw': 'EQMod Mount',
  })
# ---
# name: test_the_fields_read_from_real_headers[nina]
  dict({
    'bayer_pattern': None,
    'binning': 1,
    'ccd_temp_c': -4.9,
    'date_obs': '2025-06-29T21:11:33.412',
    'dec_deg': 73.1033303825605,
    'exposure_s': 120.0,
    'filter_raw': 'G',
    'filter_wheel_raw': 'ASCOM ToupTek FilterWheel',
    'focal_mm': 560.0,
    'focuser_raw': 'ASCOM ToupTek AAF',
    'gain': 100.0,
    'guide_camera_raw': None,
    'image_type': 'light',
    'instrument_raw': 'ATR2600M(USB2.0)',
    'naxis1': 6224,
    'naxis2': 4168,
    'object_raw': 'LDN 1235',
    'offset': 400.0,
    'path': 'nina.txt',
    'pixel_size_um': 3.76,
    'ra_deg': 331.014579881035,
    'site_elev_m': 120.0,
    'site_lat': 45.0,
    'site_lon': 12.0,
    'software_raw': 'N.I.N.A. 3.1.2.9001 (x64)',
    'telescope_raw': 'Askar 103Apo',
  })
# ---
# name: test_the_nights_page_of_two_grouped_nights
  dict({
    'items': list([
      dict({
        'filters': list([
          dict({
            'frames': 1,
            'integration_s': 600.0,
            'name': 'Ha',
            'passband': 'ha',
          }),
          dict({
            'frames': 1,
            'integration_s': 120.0,
            'name': 'OIII',
            'passband': 'oiii',
          }),
        ]),
        'frames': 2,
        'id': 2,
        'integration_s': 720.0,
        'moon': dict({
          'illumination_pct': 80,
          'phase_key': 'waxing_gibbous',
        }),
        'night_date': '2024-05-18',
        'objects': list([
          dict({
            'frames': 1,
            'integration_s': 600.0,
            'key': 'm-31',
            'name': 'M 31',
          }),
          dict({
            'frames': 1,
            'integration_s': 120.0,
            'key': 'm-45',
            'name': 'M 45',
          }),
        ]),
        'site': 'Casa',
        'site_source': 'detected',
        'untimed': 0,
        'weather': dict({
          'cloud_total_pct': None,
          'state': 'waiting',
          'usable_hours': None,
          'verdict': None,
          'window': None,
          'window_hours': None,
        }),
      }),
      dict({
        'filters': list([
          dict({
            'frames': 2,
            'integration_s': 600.0,
            'name': 'Ha',
            'passband': 'ha',
          }),
        ]),
        'frames': 2,
        'id': 1,
        'integration_s': 600.0,
        'moon': dict({
          'illumination_pct': 72,
          'phase_key': 'waxing_gibbous',
        }),
        'night_date': '2024-05-17',
        'objects': list([
          dict({
            'frames': 2,
            'integration_s': 600.0,
            'key': 'm-31',
            'name': 'M 31',
          }),
        ]),
        'site': 'Casa',
        'site_source': 'detected',
        'untimed': 0,
        'weather': dict({
          'cloud_total_pct': None,
          'state': 'waiting',
          'usable_hours': None,
          'verdict': None,
          'window': None,
          'window_hours': None,
        }),
      }),
    ]),
    'limit': 100,
    'offset': 0,
    'still_reading': 0,
    'total': 2,
    'totals': dict({
      'frames': 4,
      'integration_s': 1320.0,
      'nights': 2,
      'untimed': 0,
    }),
    'waiting': list([
    ]),
  })
# ---
# name: test_the_pages_of_the_synthetic_archive[archive]
  dict({
    'choices': dict({
      'catalogs': list([
      ]),
      'constellations': list([
      ]),
      'filters': list([
        'H',
        'Hα',
        'L-eXtreme',
        'Lum',
        'O',
        'R',
      ]),
      'mosaics': False,
    }),
    'found': dict({
      'mosaics': 0,
      'objects': 6,
    }),
    'items': list([
      dict({
        'constellation': None,
        'filters': list([
          dict({
            'frames': 1,
            'integration_s': 300.0,
            'name': 'L-eXtreme',
            'passband': 'DUO_HAOIII',
          }),
        ]),
        'frames': 1,
        'integration_s': 300.0,
        'key': 'IC 1396',
        'name': 'IC 1396',
        'panel_list': list([
        ]),
        'panels': None,
        'slug': None,
        'type_code': None,
        'untimed': 0,
      }),
      dict({
        'constellation': None,
        'filters': list([
          dict({
            'frames': 4,
            'integration_s': 480.0,
            'name': 'Lum',
            'passband': 'L',
          }),
          dict({
            'frames': 1,
            'integration_s': 120.0,
            'name': 'R',
            'passband': 'R',
          }),
        ]),
        'frames': 5,
        'integration_s': 600.0,
        'key': 'M 31',
        'name': 'M 31',
        'panel_list': list([
        ]),
        'panels': None,
        'slug': None,
        'type_code': None,
        'untimed': 0,
      }),
      dict({
        'constellation': None,
        'filters': list([
        ]),
        'frames': 1,
        'integration_s': 60.0,
        'key': 'M 42',
        'name': 'M 42',
        'panel_list': list([
        ]),
        'panels': None,
        'slug': None,
        'type_code': None,
        'untimed': 0,
      }),
      dict({
        'constellation': None,
        'filters': list([
          dict({
            'frames': 1,
            'integration_s': 240.0,
            'name': 'R',
            'passband': 'R',
          }),
        ]),
        'frames': 1,
        'integration_s': 240.0,
        'key': 'M 51',
        'name': 'M 51',
        'panel_list': list([
        ]),
        'panels': None,
        'slug': None,
        'type_code': None,
        'untimed': 0,
      }),
      dict({
        'constellation': None,
        'filters': list([
          dict({
            'frames': 1,
            'integration_s': 300.0,
            'name': 'H',
            'passband': 'UNKNOWN',
          }),
          dict({
            'frames': 1,
            'integration_s': 300.0,
            'name': 'O',
            'passband': 'UNKNOWN',
          }),
        ]),
        'frames': 2,
        'integration_s': 600.0,
        'key': 'NGC 6888',
        'name': 'NGC 6888',
        'panel_list': list([
        ]),
        'panels': None,
        'slug': None,
        'type_code': None,
        'untimed': 0,
      }),
      dict({
        'constellation': None,
        'filters': list([
          dict({
            'frames': 1,
            'integration_s': 600.0,
            'name': 'Hα',
            'passband': 'HA',
          }),
        ]),
        'frames': 1,
        'integration_s': 600.0,
        'key': 'Sh2 155',
        'name': 'Sh2 155',
        'panel_list': list([
        ]),
        'panels': None,
        'slug': None,
        'type_code': None,
        'untimed': 0,
      }),
    ]),
    'limit': 100,
    'offset': 0,
    'total': 6,
  })
# ---
# name: test_the_pages_of_the_synthetic_archive[folders]
  dict({
    'items': list([
      dict({
        'frames': 14,
        'id': 1,
        'name': None,
        'reachable': True,
        'reactivated': False,
      }),
    ]),
    'limit': 100,
    'offset': 0,
    'total': 1,
  })
# ---
# name: test_the_pages_of_the_synthetic_archive[gear]
  dict({
    'cards': dict({
      'camera': list([
        'brand',
        'model',
        'camera_type',
        'pixel_size_um',
        'weight_kg',
        'notes',
      ]),
      'filter_wheel': list([
        'brand',
        'model',
        'slots',
        'weight_kg',
        'notes',
      ]),
      'focuser': list([
        'brand',
        'model',
        'weight_kg',
        'notes',
      ]),
      'guide_camera': list([
        'brand',
        'model',
        'weight_kg',
        'notes',
      ]),
      'guide_scope': list([
        'brand',
        'model',
        'weight_kg',
        'notes',
      ]),
      'mount': list([
        'brand',
        'model',
        'payload_kg',
        'weight_kg',
        'notes',
      ]),
      'optics': list([
        'brand',
        'model',
        'aperture_mm',
        'focal_mm',
        'weight_kg',
        'notes',
      ]),
      'reducer': list([
        'brand',
        'model',
        'reducer_factor',
        'weight_kg',
        'notes',
      ]),
    }),
    'filters': list([
      dict({
        'bands': list([
        ]),
        'brand': None,
        'counted': True,
        'frames': 1,
        'id': 7,
        'integration_s': 600.0,
        'mergeable_into': list([
          4,
          1,
          6,
          2,
        ]),
        'model': None,
        'name': 'Hα',
        'nights': 0,
        'objects': list([
          dict({
            'frames': 1,
            'integration_s': 600.0,
            'key': 'Sh2 155',
            'name': 'Sh2 155',
          }),
        ]),
        'untimed': 0,
      }),
      dict({
        'bands': list([
        ]),
        'brand': None,
        'counted': True,
        'frames': 4,
        'id': 4,
        'integration_s': 480.0,
        'mergeable_into': list([
          7,
          1,
          6,
          2,
        ]),
        'model': None,
        'name': 'Lum',
        'nights': 0,
        'objects': list([
          dict({
            'frames': 4,
            'integration_s': 480.0,
            'key': 'M 31',
            'name': 'M 31',
          }),
        ]),
        'untimed': 0,
      }),
      dict({
        'bands': list([
        ]),
        'brand': None,
        'counted': True,
        'frames': 2,
        'id': 1,
        'integration_s': 360.0,
        'mergeable_into': list([
          7,
          4,
          6,
          2,
        ]),
        'model': None,
        'name': 'OSC',
        'nights': 0,
        'objects': list([
        ]),
        'untimed': 0,
      }),
      dict({
        'bands': list([
        ]),
        'brand': None,
        'counted': True,
        'frames': 2,
        'id': 6,
        'integration_s': 360.0,
        'mergeable_into': list([
          7,
          4,
          1,
          2,
        ]),
        'model': None,
        'name': 'R',
        'nights': 0,
        'objects': list([
          dict({
            'frames': 1,
            'integration_s': 240.0,
            'key': 'M 51',
            'name': 'M 51',
          }),
          dict({
            'frames': 1,
            'integration_s': 120.0,
            'key': 'M 31',
            'name': 'M 31',
          }),
        ]),
        'untimed': 0,
      }),
      dict({
        'bands': list([
        ]),
        'brand': None,
        'counted': True,
        'frames': 1,
        'id': 3,
        'integration_s': 300.0,
        'mergeable_into': list([
          7,
          4,
          1,
          6,
          2,
        ]),
        'model': None,
        'name': 'H',
        'nights': 0,
        'objects': list([
          dict({
            'frames': 1,
            'integration_s': 300.0,
            'key': 'NGC 6888',
            'name': 'NGC 6888',
          }),
        ]),
        'untimed': 0,
      }),
      dict({
        'bands': list([
        ]),
        'brand': None,
        'counted': True,
        'frames': 1,
        'id': 2,
        'integration_s': 300.0,
        'mergeable_into': list([
          7,
          4,
          1,
          6,
        ]),
        'model': None,
        'name': 'L-eXtreme',
        'nights': 0,
        'objects': list([
          dict({
            'frames': 1,
            'integration_s': 300.0,
            'key': 'IC 1396',
            'name': 'IC 1396',
          }),
        ]),
        'untimed': 0,
      }),
      dict({
        'bands': list([
        ]),
        'brand': None,
        'counted': True,
        'frames': 1,
        'id': 5,
        'integration_s': 300.0,
        'mergeable_into': list([
          7,
          4,
          1,
          6,
          2,
        ]),
        'model': None,
        'name': 'O',
        'nights': 0,
        'objects': list([
          dict({
            'frames': 1,
            'integration_s': 300.0,
            'key': 'NGC 6888',
            'name': 'NGC 6888',
          }),
        ]),
        'untimed': 0,
      }),
    ]),
    'instruments': list([
      dict({
        'aperture_mm': None,
        'backfocus_mm': None,
        'brand': None,
        'camera_type': None,
        'counted': True,
        'detected': True,
        'focal_mm': None,
        'frames': 1,
        'id': 13,
        'integration_s': 600.0,
        'kind': 'camera',
        'mergeable_into': list([
          9,
          6,
          1,
          11,
        ]),
        'model': None,
        'name': 'ASI2600MM Pro',
        'nights': 0,
        'no_hours': None,
        'notes': None,
        'objects': list([
          dict({
            'frames': 1,
            'integration_s': 600.0,
            'key': 'Sh2 155',
            'name': 'Sh2 155',
          }),
        ]),
        'payload_kg': None,
        'pixel_from_sky_um': None,
        'pixel_size_um': None,
        'reducer_factor': None,
        'slots': None,
        'untimed': 0,
        'weight_kg': None,
      }),
      dict({
        'aperture_mm': None,
        'backfocus_mm': None,
        'brand': None,
        'camera_type': None,
        'counted': True,
        'detected': True,
        'focal_mm': None,
        'frames': 1,
        'id': 9,
        'integration_s': 120.0,
        'kind': 'camera',
        'mergeable_into': list([
          13,
          6,
          1,
          11,
        ]),
        'model': None,
        'name': 'ATR2600M',
        'nights': 0,
        'no_hours': None,
        'notes': None,
        'objects': list([
          dict({
            'frames': 1,
            'integration_s': 120.0,
            'key': 'M 31',
            'name': 'M 31',
          }),
        ]),
        'payload_kg': None,
        'pixel_from_sky_um': None,
        'pixel_size_um': 3.76,
        'reducer_factor': None,
        'slots': None,
        'untimed': 0,
        'weight_kg': None,
      }),
      dict({
        'aperture_mm': None,
        'backfocus_mm': None,
        'brand': None,
        'camera_type': None,
        'counted': True,
        'detected': True,
        'focal_mm': None,
        'frames': 7,
        'id': 6,
        'integration_s': 1140.0,
        'kind': 'camera',
        'mergeable_into': list([
          13,
          9,
          1,
          11,
        ]),
        'model': None,
        'name': 'ATR2600M(USB2.0)',
        'nights': 0,
        'no_hours': None,
        'notes': None,
        'objects': list([
          dict({
            'frames': 2,
            'integration_s': 600.0,
            'key': 'NGC 6888',
            'name': 'NGC 6888',
          }),
          dict({
            'frames': 4,
            'integration_s': 480.0,
            'key': 'M 31',
            'name': 'M 31',
          }),
          dict({
            'frames': 1,
            'integration_s': 60.0,
            'key': 'M 42',
            'name': 'M 42',
          }),
        ]),
        'payload_kg': None,
        'pixel_from_sky_um': None,
        'pixel_size_um': 3.76,
        'reducer_factor': None,
        'slots': None,
        'untimed': 0,
        'weight_kg': None,
      }),
      dict({
        'aperture_mm': None,
        'backfocus_mm': None,
        'brand': None,
        'camera_type': 'color',
        'counted': True,
        'detected': True,
        'focal_mm': None,
        'frames': 3,
        'id': 1,
        'integration_s': 660.0,
        'kind': 'camera',
        'mergeable_into': list([
          13,
          9,
          6,
          11,
        ]),
        'model': None,
        'name': 'Canon EOS 700D',
        'nights': 0,
        'no_hours': None,
        'notes': None,
        'objects': list([
          dict({
            'frames': 1,
            'integration_s': 300.0,
            'key': 'IC 1396',
            'name': 'IC 1396',
          }),
        ]),
        'payload_kg': None,
        'pixel_from_sky_um': None,
        'pixel_size_um': 4.29,
        'reducer_factor': None,
        'slots': None,
        'untimed': 0,
        'weight_kg': None,
      }),
      dict({
        'aperture_mm': None,
        'backfocus_mm': None,
        'brand': None,
        'camera_type': None,
        'counted': True,
        'detected': True,
        'focal_mm': None,
        'frames': 1,
        'id': 11,
        'integration_s': 240.0,
        'kind': 'camera',
        'mergeable_into': list([
          13,
          9,
          6,
          1,
        ]),
        'model': None,
        'name': 'QHY268M',
        'nights': 0,
        'no_hours': None,
        'notes': None,
        'objects': list([
          dict({
            'frames': 1,
            'integration_s': 240.0,
            'key': 'M 51',
            'name': 'M 51',
          }),
        ]),
        'payload_kg': None,
        'pixel_from_sky_um': None,
        'pixel_size_um': None,
        'reducer_factor': None,
        'slots': None,
        'untimed': 0,
        'weight_kg': None,
      }),
      dict({
        'aperture_mm': None,
        'backfocus_mm': None,
        'brand': None,
        'camera_type': None,
        'counted': True,
        'detected': True,
        'focal_mm': None,
        'frames': 8,
        'id': 7,
        'integration_s': 1260.0,
        'kind': 'filter_wheel',
        'mergeable_into': list([
        ]),
        'model': None,
        'name': 'ASCOM ToupTek FilterWheel',
        'nights': 0,
        'no_hours': None,
        'notes': None,
        'objects': list([
          dict({
            'frames': 5,
            'integration_s': 600.0,
            'key': 'M 31',
            'name': 'M 31',
          }),
          dict({
            'frames': 2,
            'integration_s': 600.0,
            'key': 'NGC 6888',
            'name': 'NGC 6888',
          }),
          dict({
            'frames': 1,
            'integration_s': 60.0,
            'key': 'M 42',
            'name': 'M 42',
          }),
        ]),
        'payload_kg': None,
        'pixel_from_sky_um': None,
        'pixel_size_um': None,
        'reducer_factor': None,
        'slots': None,
        'untimed': 0,
        'weight_kg': None,
      }),
      dict({
        'aperture_mm': None,
        'backfocus_mm': None,
        'brand': None,
        'camera_type': None,
        'counted': True,
        'detected': True,
        'focal_mm': None,
        'frames': 8,
        'id': 8,
        'integration_s': 1260.0,
        'kind': 'focuser',
        'mergeable_into': list([
        ]),
        'model': None,
        'name': 'ASCOM ToupTek AAF',
        'nights': 0,
        'no_hours': None,
        'notes': None,
        'objects': list([
          dict({
            'frames': 5,
            'integration_s': 600.0,
            'key': 'M 31',
            'name': 'M 31',
          }),
          dict({
            'frames': 2,
            'integration_s': 600.0,
            'key': 'NGC 6888',
            'name': 'NGC 6888',
          }),
          dict({
            'frames': 1,
            'integration_s': 60.0,
            'key': 'M 42',
            'name': 'M 42',
          }),
        ]),
        'payload_kg': None,
        'pixel_from_sky_um': None,
        'pixel_size_um': None,
        'reducer_factor': None,
        'slots': None,
        'untimed': 0,
        'weight_kg': None,
      }),
      dict({
        'aperture_mm': None,
        'backfocus_mm': None,
        'brand': None,
        'camera_type': None,
        'counted': True,
        'detected': True,
        'focal_mm': None,
        'frames': 3,
        'id': 2,
        'integration_s': 660.0,
        'kind': 'guide_camera',
        'mergeable_into': list([
        ]),
        'model': None,
        'name': 'ZWO ASI120MM-S',
        'nights': 0,
        'no_hours': None,
        'notes': None,
        'objects': list([
          dict({
            'frames': 1,
            'integration_s': 300.0,
            'key': 'IC 1396',
            'name': 'IC 1396',
          }),
        ]),
        'payload_kg': None,
        'pixel_from_sky_um': None,
        'pixel_size_um': None,
        'reducer_factor': None,
        'slots': None,
        'untimed': 0,
        'weight_kg': None,
      }),
      dict({
        'aperture_mm': None,
        'backfocus_mm': None,
        'brand': None,
        'camera_type': None,
        'counted': True,
        'detected': True,
        'focal_mm': None,
        'frames': 2,
        'id': 3,
        'integration_s': 480.0,
        'kind': 'mount',
        'mergeable_into': list([
          4,
        ]),
        'model': None,
        'name': 'EQMod Mount',
        'nights': 0,
        'no_hours': None,
        'notes': None,
        'objects': list([
          dict({
            'frames': 1,
            'integration_s': 300.0,
            'key': 'IC 1396',
            'name': 'IC 1396',
          }),
        ]),
        'payload_kg': None,
        'pixel_from_sky_um': None,
        'pixel_size_um': None,
        'reducer_factor': None,
        'slots': None,
        'untimed': 0,
        'weight_kg': None,
      }),
      dict({
        'aperture_mm': None,
        'backfocus_mm': None,
        'brand': None,
        'camera_type': None,
        'counted': True,
        'detected': True,
        'focal_mm': None,
        'frames': 1,
        'id': 4,
        'integration_s': 180.0,
        'kind': 'mount',
        'mergeable_into': list([
          3,
        ]),
        'model': None,
        'name': 'ZWO AM3',
        'nights': 0,
        'no_hours': None,
        'notes': None,
        'objects': list([
        ]),
        'payload_kg': None,
        'pixel_from_sky_um': None,
        'pixel_size_um': None,
        'reducer_factor': None,
        'slots': None,
        'untimed': 0,
        'weight_kg': None,
      }),
      dict({
        'aperture_mm': None,
        'backfocus_mm': None,
        'brand': None,
        'camera_type': None,
        'counted': True,
        'detected': True,
        'focal_mm': None,
        'frames': 8,
        'id': 5,
        'integration_s': 1260.0,
        'kind': 'optics',
        'mergeable_into': list([
          10,
          12,
        ]),
        'model': None,
        'name': 'Askar 103Apo',
        'nights': 0,
        'no_hours': None,
        'notes': None,
        'objects': list([
          dict({
            'frames': 5,
            'integration_s': 600.0,
            'key': 'M 31',
            'name': 'M 31',
          }),
          dict({
            'frames': 2,
            'integration_s': 600.0,
            'key': 'NGC 6888',
            'name': 'NGC 6888',
          }),
          dict({
            'frames': 1,
            'integration_s': 60.0,
            'key': 'M 42',
            'name': 'M 42',
          }),
        ]),
        'payload_kg': None,
        'pixel_from_sky_um': None,
        'pixel_size_um': None,
        'reducer_factor': None,
        'slots': None,
        'untimed': 0,
        'weight_kg': None,
      }),
      dict({
        'aperture_mm': None,
        'backfocus_mm': None,
        'brand': None,
        'camera_type': None,
        'counted': True,
        'detected': True,
        'focal_mm': None,
        'frames': 1,
        'id': 10,
        'integration_s': 240.0,
        'kind': 'optics',
        'mergeable_into': list([
          5,
          12,
        ]),
        'model': None,
        'name': 'RC8',
        'nights': 0,
        'no_hours': None,
        'notes': None,
        'objects': list([
          dict({
            'frames': 1,
            'integration_s': 240.0,
            'key': 'M 51',
            'name': 'M 51',
          }),
        ]),
        'payload_kg': None,
        'pixel_from_sky_um': None,
        'pixel_size_um': None,
        'reducer_factor': None,
        'slots': None,
        'untimed': 0,
        'weight_kg': None,
      }),
      dict({
        'aperture_mm': None,
        'backfocus_mm': None,
        'brand': None,
        'camera_type': None,
        'counted': True,
        'detected': True,
        'focal_mm': None,
        'frames': 1,
        'id': 12,
        'integration_s': 600.0,
        'kind': 'optics',
        'mergeable_into': list([
          5,
          10,
        ]),
        'model': None,
        'name': 'TS 130 APO',
        'nights': 0,
        'no_hours': None,
        'notes': None,
        'objects': list([
          dict({
            'frames': 1,
            'integration_s': 600.0,
            'key': 'Sh2 155',
            'name': 'Sh2 155',
          }),
        ]),
        'payload_kg': None,
        'pixel_from_sky_um': None,
        'pixel_size_um': None,
        'reducer_factor': None,
        'slots': None,
        'untimed': 0,
        'weight_kg': None,
      }),
    ]),
    'rigs': list([
      dict({
        'camera': 'ATR2600M(USB2.0)',
        'counted': True,
        'focal_mm': 560.0,
        'frames': 7,
        'height_deg': None,
        'id': 2,
        'integration_s': 1140.0,
        'mount_id': None,
        'name': None,
        'nights': 0,
        'objects': list([
          dict({
            'frames': 2,
            'integration_s': 600.0,
            'key': 'NGC 6888',
            'name': 'NGC 6888',
          }),
          dict({
            'frames': 4,
            'integration_s': 480.0,
            'key': 'M 31',
            'name': 'M 31',
          }),
          dict({
            'frames': 1,
            'integration_s': 60.0,
            'key': 'M 42',
            'name': 'M 42',
          }),
        ]),
        'optics': 'Askar 103Apo',
        'scale_arcsec_px': None,
        'untimed': 0,
        'width_deg': None,
      }),
      dict({
        'camera': 'Canon EOS 700D',
        'counted': True,
        'focal_mm': 560.0,
        'frames': 3,
        'height_deg': None,
        'id': 1,
        'integration_s': 660.0,
        'mount_id': None,
        'name': None,
        'nights': 0,
        'objects': list([
          dict({
            'frames': 1,
            'integration_s': 300.0,
            'key': 'IC 1396',
            'name': 'IC 1396',
          }),
        ]),
        'optics': None,
        'scale_arcsec_px': None,
        'untimed': 0,
        'width_deg': None,
      }),
      dict({
        'camera': 'ASI2600MM Pro',
        'counted': True,
        'focal_mm': 910.0,
        'frames': 1,
        'height_deg': None,
        'id': 5,
        'integration_s': 600.0,
        'mount_id': None,
        'name': None,
        'nights': 0,
        'objects': list([
          dict({
            'frames': 1,
            'integration_s': 600.0,
            'key': 'Sh2 155',
            'name': 'Sh2 155',
          }),
        ]),
        'optics': 'TS 130 APO',
        'scale_arcsec_px': None,
        'untimed': 0,
        'width_deg': None,
      }),
      dict({
        'camera': 'QHY268M',
        'counted': True,
        'focal_mm': 1624.0,
        'frames': 1,
        'height_deg': None,
        'id': 4,
        'integration_s': 240.0,
        'mount_id': None,
        'name': None,
        'nights': 0,
        'objects': list([
          dict({
            'frames': 1,
            'integration_s': 240.0,
            'key': 'M 51',
            'name': 'M 51',
          }),
        ]),
        'optics': 'RC8',
        'scale_arcsec_px': None,
        'untimed': 0,
        'width_deg': None,
      }),
      dict({
        'camera': 'ATR2600M',
        'counted': True,
        'focal_mm': 560.0,
        'frames': 1,
        'height_deg': None,
        'id': 3,
        'integration_s': 120.0,
        'mount_id': None,
        'name': None,
        'nights': 0,
        'objects': list([
          dict({
            'frames': 1,
            'integration_s': 120.0,
            'key': 'M 31',
            'name': 'M 31',
          }),
        ]),
        'optics': 'Askar 103Apo',
        'scale_arcsec_px': None,
        'untimed': 0,
        'width_deg': None,
      }),
    ]),
  })
# ---
# name: test_the_pages_of_the_synthetic_archive[review]
  dict({
    'filter_choices': list([
      dict({
        'id': 7,
        'name': 'Hα',
        'passband': 'HA',
      }),
      dict({
        'id': 2,
        'name': 'L-eXtreme',
        'passband': 'DUO_HAOIII',
      }),
      dict({
        'id': 4,
        'name': 'Lum',
        'passband': 'L',
      }),
      dict({
        'id': 1,
        'name': 'OSC',
        'passband': 'OSC',
      }),
      dict({
        'id': 6,
        'name': 'R',
        'passband': 'R',
      }),
    ]),
    'filters': list([
      dict({
        'bands': list([
        ]),
        'brand': None,
        'catalog_id': None,
        'frames': 1,
        'id': 3,
        'is_none': False,
        'model': None,
        'name': 'H',
        'passband': 'UNKNOWN',
      }),
      dict({
        'bands': list([
        ]),
        'brand': None,
        'catalog_id': None,
        'frames': 1,
        'id': 5,
        'is_none': False,
        'model': None,
        'name': 'O',
        'passband': 'UNKNOWN',
      }),
    ]),
    'gear': list([
      dict({
        'answer': None,
        'asks_camera': False,
        'asks_filter': False,
        'asks_optics': True,
        'camera': 'Canon EOS 700D',
        'complete': False,
        'focal_mm': 560.0,
        'focal_suggested': None,
        'frames': 3,
        'height_px': 3,
        'key': '["canon eos 700d", null, 560.0, 4, 3, 4.29]',
        'optics': None,
        'pixel_um': 4.29,
        'subjects': dict({
          'found': list([
            dict({
              'frames': 1,
              'name': 'IC 1396',
            }),
          ]),
          'not_found': 2,
          'not_yet': 0,
        }),
        'telescope': 'EQMod Mount',
        'width_px': 4,
      }),
      dict({
        'answer': None,
        'asks_camera': False,
        'asks_filter': True,
        'asks_optics': False,
        'camera': 'ATR2600M(USB2.0)',
        'complete': False,
        'focal_mm': 560.0,
        'focal_suggested': None,
        'frames': 1,
        'height_px': 3,
        'key': '["atr2600m(usb2 0)", "askar 103apo", 560.0, 4, 3, 3.76]',
        'optics': 'Askar 103Apo',
        'pixel_um': 3.76,
        'subjects': dict({
          'found': list([
            dict({
              'frames': 1,
              'name': 'M 42',
            }),
          ]),
          'not_found': 0,
          'not_yet': 0,
        }),
        'telescope': 'Askar 103Apo',
        'width_px': 4,
      }),
    ]),
    'lookalikes': list([
      dict({
        'frames': 1,
        'id': 9,
        'into_frames': 7,
        'into_id': 6,
        'into_name': 'ATR2600M(USB2.0)',
        'name': 'ATR2600M',
      }),
    ]),
    'mosaics': list([
    ]),
    'objects': list([
      dict({
        'candidates': list([
        ]),
        'confidence': 'low',
        'confirmed': False,
        'frames': 5,
        'id': 3,
        'integration_s': 600.0,
        'key': 'M 31',
        'method': 'exact_name',
        'name': 'M 31',
        'slug': None,
        'untimed': 0,
      }),
      dict({
        'candidates': list([
        ]),
        'confidence': 'low',
        'confirmed': False,
        'frames': 2,
        'id': 2,
        'integration_s': 600.0,
        'key': 'NGC 6888',
        'method': 'exact_name',
        'name': 'NGC 6888',
        'slug': None,
        'untimed': 0,
      }),
      dict({
        'candidates': list([
        ]),
        'confidence': 'low',
        'confirmed': False,
        'frames': 1,
        'id': 1,
        'integration_s': 300.0,
        'key': 'IC 1396',
        'method': 'exact_name',
        'name': 'IC 1396',
        'slug': None,
        'untimed': 0,
      }),
      dict({
        'candidates': list([
        ]),
        'confidence': 'low',
        'confirmed': False,
        'frames': 1,
        'id': 4,
        'integration_s': 60.0,
        'key': 'M 42',
        'method': 'exact_name',
        'name': 'M 42',
        'slug': None,
        'untimed': 0,
      }),
      dict({
        'candidates': list([
        ]),
        'confidence': 'low',
        'confirmed': False,
        'frames': 1,
        'id': 5,
        'integration_s': 240.0,
        'key': 'M 51',
        'method': 'exact_name',
        'name': 'M 51',
        'slug': None,
        'untimed': 0,
      }),
      dict({
        'candidates': list([
        ]),
        'confidence': 'low',
        'confirmed': False,
        'frames': 1,
        'id': 6,
        'integration_s': 600.0,
        'key': 'Sh2 155',
        'method': 'exact_name',
        'name': 'Sh2 155',
        'slug': None,
        'untimed': 0,
      }),
    ]),
    'optics_choices': list([
      'Askar 103Apo',
      'RC8',
      'TS 130 APO',
    ]),
    'rig_choices': list([
      dict({
        'camera': 'ATR2600M(USB2.0)',
        'focal_mm': 560.0,
        'id': 2,
        'name': None,
        'optics': 'Askar 103Apo',
      }),
      dict({
        'camera': 'Canon EOS 700D',
        'focal_mm': 560.0,
        'id': 1,
        'name': None,
        'optics': None,
      }),
      dict({
        'camera': 'ATR2600M',
        'focal_mm': 560.0,
        'id': 3,
        'name': None,
        'optics': 'Askar 103Apo',
      }),
      dict({
        'camera': 'QHY268M',
        'focal_mm': 1624.0,
        'id': 4,
        'name': None,
        'optics': 'RC8',
      }),
      dict({
        'camera': 'ASI2600MM Pro',
        'focal_mm': 910.0,
        'id': 5,
        'name': None,
        'optics': 'TS 130 APO',
      }),
    ]),
    'seen': dict({
      'objects': 6,
    }),
    'settled_objects': 0,
    'to_confirm': 13,
    'typeless': list([
    ]),
    'unclear': list([
    ]),
    'unnamed': list([
      dict({
        'answer': None,
        'camera': 'Canon EOS 700D',
        'dec_deg': None,
        'first_frame': '2024-03-12T21:30:00+00:00',
        'frames': 1,
        'key': '["2024-03-12", "canon eos 700d", "eqmod mount", null, null]',
        'last_frame': '2024-03-12T21:30:00+00:00',
        'night': '2024-03-12',
        'ra_deg': None,
        'telescope': 'EQMod Mount',
      }),
      dict({
        'answer': None,
        'camera': 'Canon EOS 700D',
        'dec_deg': None,
        'first_frame': '2024-03-12T21:33:00+00:00',
        'frames': 1,
        'key': '["2024-03-12", "canon eos 700d", "zwo am3", null, null]',
        'last_frame': '2024-03-12T21:33:00+00:00',
        'night': '2024-03-12',
        'ra_deg': None,
        'telescope': 'ZWO AM3',
      }),
    ]),
  })
# ---
# name: test_the_pages_of_the_synthetic_archive[scan-runs]
  dict({
    'items': list([
      dict({
        'duplicates': 0,
        'errors': 0,
        'folder_id': 1,
        'folder_retired': False,
        'found': 14,
        'hidden_dirs': list([
        ]),
        'id': 1,
        'linked_dirs': list([
        ]),
        'missing': 0,
        'new': 14,
        'online_only': 0,
        'reason': None,
        'skipped': 0,
        'skipped_by_reason': list([
        ]),
        'status': 'ok',
        'unchanged': 0,
        'unreadable_dirs': list([
        ]),
      }),
    ]),
    'limit': 20,
    'offset': 0,
    'total': 1,
  })
# ---
